{
    "Should run without failures": {
        "content": [
            [
                [
                    {
                        "id": "sample"
                    },
                    "sample.triage.jsonl:md5,c241968b1833abd4aacee29e1239680d"
                ]
            ]
        ],
        "timestamp": "2026-08-12T17:59:38.826255203",
        "meta": {
            "nf-test": "0.9.5",
            "nextflow": "26.04.6"
        }
    }
}