{
    "Should run without failures": {
        "content": [
            [
                [
                    {
                        "id": "sample"
                    },
                    "sample.triage.jsonl:md5,c61f6f668099accef79c6ba8adae62f5"
                ]
            ]
        ],
        "timestamp": "2026-08-10T12:08:54.326729371",
        "meta": {
            "nf-test": "0.9.5",
            "nextflow": "26.04.4"
        }
    }
}