{
    "Should run without failures": {
        "content": [
            [
                [
                    {
                        "id": "sample"
                    },
                    "sample.triage.jsonl:md5,23f6accf6b80cd9af2bd2c7f126e8c88"
                ]
            ]
        ],
        "timestamp": "2026-08-12T17:54:12.681789268",
        "meta": {
            "nf-test": "0.9.5",
            "nextflow": "26.04.6"
        }
    }
}